[D:/本地导航网站/本地导航站静态/backblue.gif]
[D:/本地导航网站/本地导航站静态/fade.gif]
[D:/本地导航网站/本地导航站静态/index.html]
[D:/本地导航网站/本地导航站静态/widget.seniverse.com/widget/chameleon.4.delayed]
[D:/本地导航网站/本地导航站静态/yang-hub/index.html]
[D:/本地导航网站/本地导航站静态/yang-hub/wp-content/uploads/2025/05/LOGO2-1.png]
[D:/本地导航网站/本地导航站静态/yang-hub/wp-content/themes/WebStack-master/screenshot.jpg]
[D:/本地导航网站/本地导航站静态/yang-hub/wp-content/themes/WebStack-master/css/font-awesome.min6b8b.css]
[D:/本地导航网站/本地导航站静态/yang-hub/wp-content/themes/WebStack-master/css/bootstrap6b8b.css]
[D:/本地导航网站/本地导航站静态/yang-hub/wp-content/themes/WebStack-master/css/nav6b8b.css]
[D:/本地导航网站/本地导航站静态/yang-hub/wp-content/themes/WebStack-master/js/jquery-3.7.1.min6b8b.js]
[D:/本地导航网站/本地导航站静态/yang-hub/wp-content/uploads/2025/05/cropped-LOGO2-1-32x32.png]
[D:/本地导航网站/本地导航站静态/yang-hub/wp-content/uploads/2025/05/cropped-LOGO2-1-192x192.png]
[D:/本地导航网站/本地导航站静态/yang-hub/wp-content/uploads/2025/05/cropped-LOGO2-1-180x180.png]
[D:/本地导航网站/本地导航站静态/yang-hub/wp-json/index.html]
[D:/本地导航网站/本地导航站静态/yang-hub/wp-content/uploads/2025/05/LOGO3-1-scaled-e1747405549286.png]
[D:/本地导航网站/本地导航站静态/yang-hub/wp-content/themes/WebStack-master/images/favicon.png]
[D:/本地导航网站/本地导航站静态/yang-hub/wp-content/themes/WebStack-master/js/bootstrap.min6b8b.js]
[D:/本地导航网站/本地导航站静态/picasso-static.xiaohongshu.com/fe-platform/f43dc4a8baf03678996c62d8db6ebc01a82256ff.png]
[D:/本地导航网站/本地导航站静态/yang-hub/wp-content/themes/WebStack-master/js/TweenMax.min6b8b.js]
[D:/本地导航网站/本地导航站静态/yang-hub/wp-content/themes/WebStack-master/js/app6b8b.js]
[D:/本地导航网站/本地导航站静态/yang-hub/wp-content/themes/WebStack-master/fonts/fontawesome-webfont3e6e.eot]
[D:/本地导航网站/本地导航站静态/yang-hub/wp-content/themes/WebStack-master/fonts/fontawesome-webfontd41d.eot]
[D:/本地导航网站/本地导航站静态/yang-hub/wp-content/themes/WebStack-master/fonts/fontawesome-webfont3e6e.woff]
[D:/本地导航网站/本地导航站静态/yang-hub/wp-content/themes/WebStack-master/fonts/fontawesome-webfont3e6e.ttf]
[D:/本地导航网站/本地导航站静态/yang-hub/sample-page/index.html]
[D:/本地导航网站/本地导航站静态/yang-hub/sample-page-2/index.html]
[D:/本地导航网站/本地导航站静态/widget.seniverse.com/widget/chameleon.html]
[D:/本地导航网站/本地导航站静态/yang-hub/bulletin/网站声明/index.html]
[D:/本地导航网站/本地导航站静态/yang-hub/wp-json/wp/v2/pages/2.json]
[D:/本地导航网站/本地导航站静态/yang-hub/wp-json/wp/v2/pages/61.json]
[D:/本地导航网站/本地导航站静态/yang-hub/wp-json/wp/v2/bulletin/59.json]
[D:/本地导航网站/本地导航站静态/yang-hub/wp-includes/js/comment-reply.min0899.js]
[D:/本地导航网站/本地导航站静态/img.alicdn.com/imgextra/i4/O1CN01EfJVFQ1uZPd7W4W6i_!!6000000006051-2-tps-112-112.png]
[D:/本地导航网站/本地导航站静态/yang-hub/wp-content/themes/WebStack-master/fonts/fontawesome-webfont3e6e.html]
[D:/本地导航网站/本地导航站静态/yang-hub/wp-content/themes/WebStack-master/fonts/fontawesome-webfont3e6e.svg]
[D:/本地导航网站/本地导航站静态/yang-hub/wp-content/themes/WebStack-master/fonts/glyphicons-halflings-regular.html]
[D:/本地导航网站/本地导航站静态/yang-hub/wp-content/themes/WebStack-master/fonts/glyphicons-halflings-regulard41d.html]
[D:/本地导航网站/本地导航站静态/yang-hub/wp-content/themes/WebStack-master/fonts/glyphicons-halflings-regular-2.html]
[D:/本地导航网站/本地导航站静态/yang-hub/wp-content/themes/WebStack-master/fonts/glyphicons-halflings-regular-3.html]
[D:/本地导航网站/本地导航站静态/yang-hub/wp-content/themes/WebStack-master/fonts/glyphicons-halflings-regular-4.html]
[D:/本地导航网站/本地导航站静态/yang-hub/wp-content/themes/WebStack-master/fonts/glyphicons-halflings-regular-5.html]
